Welcome email result: true
OTP email result: true
